[0m19:52:44.782482 [debug] [MainThread]: Sending event: {'category': 'dbt', 'action': 'invocation', 'label': 'start', 'context': [<snowplow_tracker.self_describing_json.SelfDescribingJson object at 0x000001F71E19DD30>, <snowplow_tracker.self_describing_json.SelfDescribingJson object at 0x000001F720793D90>, <snowplow_tracker.self_describing_json.SelfDescribingJson object at 0x000001F720793C50>]}


============================== 19:52:44.786639 | 04a28481-f730-4f4b-bcb6-813c53dfe2b8 ==============================
[0m19:52:44.786639 [info ] [MainThread]: Running with dbt=1.12.4
[0m19:52:44.787303 [debug] [MainThread]: running dbt with arguments {'maximum_seed_size_mib': '1', 'no_print': 'None', 'static_parser': 'True', 'warn_error_options': 'WarnErrorOptionsV2(error=[], warn=[], silence=[])', 'version_check': 'True', 'target_path': 'None', 'printer_width': '80', 'write_json': 'True', 'empty': 'None', 'log_cache_events': 'False', 'introspect': 'True', 'cache_selected_only': 'False', 'fail_fast': 'False', 'debug': 'False', 'log_format': 'default', 'profiles_dir': 'C:\\Users\\Ayush Badola\\.dbt', 'send_anonymous_usage_stats': 'True', 'quiet': 'False', 'warn_error': 'None', 'partial_parse': 'True', 'invocation_command': 'dbt debug', 'hints_enabled': 'True', 'use_colors': 'True', 'use_experimental_parser': 'False', 'indirect_selection': 'eager', 'log_path': 'logs'}
[0m19:52:44.808566 [info ] [MainThread]: dbt version: 1.12.4
[0m19:52:44.808994 [info ] [MainThread]: python version: 3.13.3
[0m19:52:44.809396 [info ] [MainThread]: python path: C:\Users\Ayush Badola\AppData\Local\Programs\Python\Python313\python.exe
[0m19:52:44.809691 [info ] [MainThread]: os info: Windows-11-10.0.26200-SP0
[0m19:52:44.810004 [info ] [MainThread]: Using profiles dir at C:\Users\Ayush Badola\.dbt
[0m19:52:44.810316 [info ] [MainThread]: Using profiles.yml file at C:\Users\Ayush Badola\.dbt\profiles.yml
[0m19:52:44.810634 [info ] [MainThread]: Using dbt_project.yml file at C:\7thsem\uttarakhand-trek-intelligence\dbt_project.yml
[0m19:52:44.810943 [info ] [MainThread]: Configuration:
[0m19:52:44.811199 [info ] [MainThread]:   profiles.yml file [[31mERROR not found[0m]
[0m19:52:44.811505 [info ] [MainThread]:   dbt_project.yml file [[31mERROR not found[0m]
[0m19:52:44.811857 [info ] [MainThread]: Required dependencies:
[0m19:52:44.812286 [debug] [MainThread]: Executing "git --help"
[0m19:52:44.850409 [debug] [MainThread]: STDOUT: "b"usage: git [-v | --version] [-h | --help] [-C <path>] [-c <name>=<value>]\n           [--exec-path[=<path>]] [--html-path] [--man-path] [--info-path]\n           [-p | --paginate | -P | --no-pager] [--no-replace-objects] [--no-lazy-fetch]\n           [--no-optional-locks] [--no-advice] [--bare] [--git-dir=<path>]\n           [--work-tree=<path>] [--namespace=<name>] [--config-env=<name>=<envvar>]\n           <command> [<args>]\n\nThese are common Git commands used in various situations:\n\nstart a working area (see also: git help tutorial)\n   clone      Clone a repository into a new directory\n   init       Create an empty Git repository or reinitialize an existing one\n\nwork on the current change (see also: git help everyday)\n   add        Add file contents to the index\n   mv         Move or rename a file, a directory, or a symlink\n   restore    Restore working tree files\n   rm         Remove files from the working tree and from the index\n\nexamine the history and state (see also: git help revisions)\n   bisect     Use binary search to find the commit that introduced a bug\n   diff       Show changes between commits, commit and working tree, etc\n   grep       Print lines matching a pattern\n   log        Show commit logs\n   show       Show various types of objects\n   status     Show the working tree status\n\ngrow, mark and tweak your common history\n   backfill   Download missing objects in a partial clone\n   branch     List, create, or delete branches\n   commit     Record changes to the repository\n   merge      Join two or more development histories together\n   rebase     Reapply commits on top of another base tip\n   reset      Reset current HEAD to the specified state\n   switch     Switch branches\n   tag        Create, list, delete or verify a tag object signed with GPG\n\ncollaborate (see also: git help workflows)\n   fetch      Download objects and refs from another repository\n   pull       Fetch from and integrate with another repository or a local branch\n   push       Update remote refs along with associated objects\n\n'git help -a' and 'git help -g' list available subcommands and some\nconcept guides. See 'git help <command>' or 'git help <concept>'\nto read about a specific subcommand or concept.\nSee 'git help git' for an overview of the system.\n""
[0m19:52:44.851133 [debug] [MainThread]: STDERR: "b''"
[0m19:52:44.851496 [info ] [MainThread]:  - git [[32mOK found[0m]

[0m19:52:44.851813 [info ] [MainThread]: Connection test skipped since no profile was found
[0m19:52:44.852204 [info ] [MainThread]: [31m2 checks failed:[0m
[0m19:52:44.852532 [info ] [MainThread]: dbt looked for a profiles.yml file in C:\Users\Ayush Badola\.dbt\profiles.yml, but did
not find one. For more information on configuring your profile, consult the
documentation:

https://docs.getdbt.com/docs/configure-your-profile


[0m19:52:44.852871 [info ] [MainThread]: Project loading failed for the following reason:
 project path <C:\7thsem\uttarakhand-trek-intelligence\dbt_project.yml> not found

[0m19:52:44.853616 [debug] [MainThread]: Command `dbt debug` failed at 19:52:44.853509 after 0.19 seconds
[0m19:52:44.853939 [debug] [MainThread]: Sending event: {'category': 'dbt', 'action': 'invocation', 'label': 'end', 'context': [<snowplow_tracker.self_describing_json.SelfDescribingJson object at 0x000001F7207F6060>, <snowplow_tracker.self_describing_json.SelfDescribingJson object at 0x000001F72062BBF0>, <snowplow_tracker.self_describing_json.SelfDescribingJson object at 0x000001F7208606B0>]}
[0m19:52:44.854257 [debug] [MainThread]: Flushing usage events
[0m19:52:46.529613 [debug] [MainThread]: An error was encountered while trying to flush usage events
[0m21:20:35.482200 [debug] [MainThread]: Sending event: {'category': 'dbt', 'action': 'invocation', 'label': 'start', 'context': [<snowplow_tracker.self_describing_json.SelfDescribingJson object at 0x000002C9E207DD30>, <snowplow_tracker.self_describing_json.SelfDescribingJson object at 0x000002C9E46BBED0>, <snowplow_tracker.self_describing_json.SelfDescribingJson object at 0x000002C9E46BBD90>]}


============================== 21:20:35.486136 | 55daef04-ba98-481a-a462-2ffe9af8a6db ==============================
[0m21:20:35.486136 [info ] [MainThread]: Running with dbt=1.12.4
[0m21:20:35.486753 [debug] [MainThread]: running dbt with arguments {'maximum_seed_size_mib': '1', 'no_print': 'None', 'version_check': 'True', 'target_path': 'None', 'warn_error_options': 'WarnErrorOptionsV2(error=[], warn=[], silence=[])', 'static_parser': 'True', 'printer_width': '80', 'write_json': 'True', 'empty': 'False', 'log_cache_events': 'False', 'introspect': 'True', 'cache_selected_only': 'False', 'fail_fast': 'False', 'debug': 'False', 'log_format': 'default', 'partial_parse': 'True', 'send_anonymous_usage_stats': 'True', 'quiet': 'False', 'warn_error': 'None', 'profiles_dir': 'C:\\Users\\Ayush Badola\\.dbt', 'indirect_selection': 'eager', 'hints_enabled': 'True', 'invocation_command': 'dbt run --select int_trek_weather', 'use_experimental_parser': 'False', 'use_colors': 'True', 'log_path': 'logs'}
[0m21:20:35.487228 [error] [MainThread]: [[31mERROR[0m]: Encountered an error:
Runtime Error
  No dbt_project.yml found at expected path C:\7thsem\uttarakhand-trek-intelligence\dbt_project.yml
  Verify that each entry within packages.yml (and their transitive dependencies) contains a file named dbt_project.yml
  
[0m21:20:35.488049 [debug] [MainThread]: Command `dbt run` failed at 21:20:35.487941 after 0.12 seconds
[0m21:20:35.488336 [debug] [MainThread]: Sending event: {'category': 'dbt', 'action': 'invocation', 'label': 'end', 'context': [<snowplow_tracker.self_describing_json.SelfDescribingJson object at 0x000002C9E46F96E0>, <snowplow_tracker.self_describing_json.SelfDescribingJson object at 0x000002C9E46739B0>, <snowplow_tracker.self_describing_json.SelfDescribingJson object at 0x000002C9E4709F20>]}
[0m21:20:35.488664 [debug] [MainThread]: Flushing usage events
[0m21:20:36.988604 [debug] [MainThread]: An error was encountered while trying to flush usage events
